// Jest Snapshot v1, https://goo.gl/fbAQLP

exports[`Unit Test category homepage Component render SnapShot case 1 1`] = `
<div
  id="categoryHome"
>
  <h3
    class="text-color uppercase text-center font-semibold md:text-3xl text-xl"
  >
    Product's Categories
  </h3>
  <p
    class="text-color text-center mb-4 text-base product-desc"
  >
    All products are warranted for 12 months
  </p>
  <div
    class="flex flex-wrap md:justify-center justify-start"
  />
</div>
`;

exports[`Unit Test category homepage Component render SnapShot case 2 1`] = `
<div
  id="categoryHome"
>
  <h3
    class="text-color uppercase text-center font-semibold md:text-3xl text-xl"
  >
    Product's Categories
  </h3>
  <p
    class="text-color text-center mb-4 text-base product-desc"
  >
    All products are warranted for 12 months
  </p>
  <div
    class="flex flex-wrap md:justify-center justify-start"
  />
</div>
`;
