// Jest Snapshot v1, https://goo.gl/fbAQLP

exports[`Unit Test category homepage Component render SnapShot case 1 1`] = `
<section
  class="overflow-hidden"
  id="categoryHome"
>
  <div
    class="container px-5 py-2 mx-auto md:py-12 md:px-32"
  >
    <h3
      class="text-color uppercase text-center font-semibold md:text-3xl text-xl"
    >
      Product's Categories
    </h3>
    <p
      class="text-color text-center mb-4 text-base product-desc"
    >
      All products are warranted for 12 months
    </p>
    <div
      class="flex flex-wrap justify-center"
    />
  </div>
</section>
`;

exports[`Unit Test category homepage Component render SnapShot case 2 1`] = `
<section
  class="overflow-hidden"
  id="categoryHome"
>
  <div
    class="container px-5 py-2 mx-auto md:py-12 md:px-32"
  >
    <h3
      class="text-color uppercase text-center font-semibold md:text-3xl text-xl"
    >
      Product's Categories
    </h3>
    <p
      class="text-color text-center mb-4 text-base product-desc"
    >
      All products are warranted for 12 months
    </p>
    <div
      class="flex flex-wrap justify-center"
    />
  </div>
</section>
`;
