// Jest Snapshot v1, https://goo.gl/fbAQLP

exports[`Jest Unit Test ListPage productListPage SnapShot case 1 1`] = `
<section
  class="container h-auto mx-auto md:px-5 px-0 py-2 mx-auto md:py-12 md:px-32"
  id="listPage-productList"
>
  <div
    class="md:w-12/12 w-full h-auto transition-all rounded-lg mx-auto"
  >
    <h2
      class="font-bold text-color leading-tight text-3xl mb-2 text-center uppercase"
    >
      All Items
    </h2>
    <nav
      class="navbar navbar-expand-lg shadow-lg py-2 bg-gray-50 relative md:flex md:items-center w-full md:justify-between block px-2"
    >
      <div
        class="px-6"
      >
        <button
          aria-controls="navbarSupportedContentX"
          aria-expanded="false"
          aria-label="Toggle navigation"
          class="navbar-toggler border-0 py-3 lg:hidden leading-none text-xl bg-transparent text-gray-600 hover:text-gray-700 focus:text-gray-700 transition-shadow duration-150 ease-in-out"
          data-bs-target="#navbarSupportedContentX"
          data-bs-toggle="collapse"
          type="button"
        >
          <svg
            aria-hidden="true"
            class="w-5"
            data-prefix="fas"
            focusable="false"
            role="img"
            viewBox="0 0 448 512"
            xmlns="http://www.w3.org/2000/svg"
          >
            <path
              d="M16 132h416c8.837 0 16-7.163 16-16V76c0-8.837-7.163-16-16-16H16C7.163 60 0 67.163 0 76v40c0 8.837 7.163 16 16 16zm0 160h416c8.837 0 16-7.163 16-16v-40c0-8.837-7.163-16-16-16H16c-8.837 0-16 7.163-16 16v40c0 8.837 7.163 16 16 16zm0 160h416c8.837 0 16-7.163 16-16v-40c0-8.837-7.163-16-16-16H16c-8.837 0-16 7.163-16 16v40c0 8.837 7.163 16 16 16z"
              fill="currentColor"
            />
          </svg>
        </button>
        <div
          class="navbar-collapse collapse grow items-center"
          id="navbarSupportedContentX"
        >
          <ul
            class="navbar-nav mr-auto flex flex-row"
          >
            <li
              class="nav-item dropdown static"
            >
              <a
                aria-expanded="false"
                class="nav-link block pr-2 lg:px-2 py-2 text-gray-600 hover:text-gray-700 focus:text-gray-700 transition duration-150 ease-in-out dropdown-toggle flex items-center whitespace-nowrap"
                data-bs-toggle="dropdown"
                data-mdb-ripple="true"
                data-mdb-ripple-color="light"
                href="#"
                id="dropdownMenuButtonX"
                type="button"
              >
                Mega menu
                <svg
                  aria-hidden="true"
                  class="w-2 ml-2"
                  data-icon="caret-down"
                  data-prefix="fas"
                  focusable="false"
                  role="img"
                  viewBox="0 0 320 512"
                  xmlns="http://www.w3.org/2000/svg"
                >
                  <path
                    d="M31.3 192h257.3c17.8 0 26.7 21.5 14.1 34.1L174.1 354.8c-7.8 7.8-20.5 7.8-28.3 0L17.2 226.1C4.6 213.5 13.5 192 31.3 192z"
                    fill="currentColor"
                  />
                </svg>
              </a>
              <div
                aria-labelledby="dropdownMenuButtonX"
                class="dropdown-menu w-full mt-0 hidden shadow-lg bg-white absolute left-0 top-full"
              >
                <div
                  class="px-6 lg:px-8 py-5"
                >
                  <div
                    class="grid md:grid-cols-2 lg:grid-cols-4 gap-6"
                  >
                    <div
                      class="bg-white text-gray-600"
                    >
                      <a
                        aria-current="true"
                        class="block px-6 py-2 border-b border-gray-200 w-full hover:bg-gray-50 hover:text-gray-700 transition duration-150 ease-in-out"
                        href="#!"
                      >
                        Lorem ipsum
                      </a>
                      <a
                        aria-current="true"
                        class="block px-6 py-2 border-b border-gray-200 w-full hover:bg-gray-50 hover:text-gray-700 transition duration-150 ease-in-out"
                        href="#!"
                      >
                        Dolor sit
                      </a>
                      <a
                        aria-current="true"
                        class="block px-6 py-2 border-b border-gray-200 w-full hover:bg-gray-50 hover:text-gray-700 transition duration-150 ease-in-out"
                        href="#!"
                      >
                        Amet consectetur
                      </a>
                      <a
                        aria-current="true"
                        class="block px-6 py-2 border-b border-gray-200 w-full hover:bg-gray-50 hover:text-gray-700 transition duration-150 ease-in-out"
                        href="#!"
                      >
                        Cras justo odio
                      </a>
                      <a
                        aria-current="true"
                        class="block px-6 py-2 w-full hover:bg-gray-50 hover:text-gray-700 transition duration-150 ease-in-out"
                        href="#!"
                      >
                        Adipisicing elit
                      </a>
                    </div>
                  </div>
                </div>
              </div>
            </li>
          </ul>
        </div>
      </div>
      <div
        class="w-52 w-full"
      >
        <select
          aria-label="Default select example"
          class="form-select appearance-none block w-full px-3 py-1.5 text-base font-normal text-gray-700 bg-white bg-clip-padding bg-no-repeat border border-solid border-gray-300 rounded transition ease-in-out m-0
 focus:text-gray-700 focus:bg-white focus:border-blue-600 focus:outline-none capitalize"
        />
      </div>
    </nav>
    <div
      class="grid grid-cols-4 gap-6 md:mt-6 mt-3"
    />
  </div>
</section>
`;
